// Jest Snapshot v1, https://goo.gl/fbAQLP

exports[`Footer Component footer snapshot 1`] = `
<DocumentFragment>
  <footer
    class="css-mr2up3"
  >
    <p
      class="chakra-text css-0"
    >
      Â© 2024 Test App
    </p>
  </footer>
</DocumentFragment>
`;
